
> framepro@1.0.0 build
> vite build

vite v5.4.21 building for production...
transforming...
✓ 23 modules transformed.
